// Jest Snapshot v1, https://goo.gl/fbAQLP

exports[`PostTemplate renders correctly 1`] = `
<div>
  <div>
    <div>
      <a
        className=""
        href="/"
      >
        All Articles
      </a>
    </div>
    <div>
      <div>
        <h1>
          Perfecting the Art of Perfection
        </h1>
        <div
          dangerouslySetInnerHTML={
            {
              "__html": "<p>An Essay on Typography by Eric Gill takes the reader back to the year 1930. The year when a conflict between two worlds came to its term. The machines of the industrial world finally took over the handicrafts.</p>",
            }
          }
        />
      </div>
    </div>
    <div>
      <div>
        <p>
          Published
           
          Aug 31, 2016
        </p>
      </div>
      <div>
        <p>
          NLP @ 
          <a
            href="https://glean.com/"
            target="_blank"
          >
            Glean
          </a>
          . Previously ML @ 
          <a
            href="https://sambanova.ai/"
            target="_blank"
          >
            Sambanova
          </a>
          , Math + CS @ 
          <a
            href="https://stanford.edu/"
            target="_blank"
          >
            Stanford
          </a>
        </p>
      </div>
    </div>
    <div />
  </div>
</div>
`;
